
> app@1.0.0 start
> node server.js

[dotenv@17.2.3] injecting env (6) from .env -- tip: ⚙️  load multiple .env files with { path: ['.env.local', '.env'] }
[dotenv@17.2.3] injecting env (0) from .env -- tip: 🔐 prevent building .env in docker: https://dotenvx.com/prebuild
🚀 Virtual Lab API Server running on http://localhost:5000
💾 Database connected and synced.
[0mGET /api/health [32m200[0m 44.683 ms - 114[0m
[0mGET /api/admin/students [36m304[0m 46.113 ms - -[0m
[0mGET /api/health [32m200[0m 13.922 ms - 114[0m
[0mGET /api/health [32m200[0m 30.498 ms - 114[0m
[0mGET /api/admin/students [36m304[0m 36.456 ms - -[0m
[0mGET /api/health [36m304[0m 0.585 ms - -[0m
[0mGET /api/admin/students [36m304[0m 34.783 ms - -[0m
[0mGET /api/health [32m200[0m 19.100 ms - 114[0m
[0mGET /api/admin/students [36m304[0m 23.251 ms - -[0m
[0mGET /api/health [32m200[0m 19.930 ms - 114[0m
[0mGET /api/admin/students [36m304[0m 24.406 ms - -[0m
[0mGET /api/health [32m200[0m 19.373 ms - 114[0m
[0mGET /api/admin/students [36m304[0m 30.135 ms - -[0m
[0mGET /api/health [36m304[0m 0.693 ms - -[0m
[0mGET /api/admin/students [36m304[0m 30.604 ms - -[0m
[0mGET /api/health [32m200[0m 19.932 ms - 115[0m
[0mGET /api/admin/students [36m304[0m 27.624 ms - -[0m
[0mGET /api/health [32m200[0m 18.052 ms - 115[0m
[0mGET /api/admin/students [36m304[0m 20.867 ms - -[0m
[0mGET /api/health [32m200[0m 20.076 ms - 115[0m
[0mGET /api/admin/students [36m304[0m 23.425 ms - -[0m
[0mGET /api/health [36m304[0m 0.321 ms - -[0m
[0mGET /api/admin/students [36m304[0m 23.469 ms - -[0m
[0mGET /api/health [32m200[0m 31.113 ms - 115[0m
[0mGET /api/admin/students [36m304[0m 55.044 ms - -[0m
[0mGET /api/health [36m304[0m 0.425 ms - -[0m
[0mGET /api/health [36m304[0m 4.485 ms - -[0m
[0mGET /api/admin/students [36m304[0m 52.322 ms - -[0m
[0mGET /api/admin/students [36m304[0m 43.093 ms - -[0m
[0mGET /api/health [32m200[0m 24.254 ms - 115[0m
[0mGET /api/admin/students [32m200[0m 30.827 ms - 1625[0m
[0mGET /api/health [32m200[0m 15.578 ms - 115[0m
[0mGET /api/admin/students [36m304[0m 18.416 ms - -[0m
[0mGET /api/health [32m200[0m 18.018 ms - 115[0m
[0mGET /api/admin/students [36m304[0m 20.503 ms - -[0m
[0mGET /api/health [32m200[0m 19.327 ms - 115[0m
[0mGET /api/admin/students [36m304[0m 22.560 ms - -[0m
[0mGET /api/health [36m304[0m 1.351 ms - -[0m
[0mGET /api/admin/students [36m304[0m 24.735 ms - -[0m
[0mGET /api/health [32m200[0m 23.995 ms - 115[0m
[0mGET /api/admin/students [36m304[0m 29.197 ms - -[0m
[0mGET /api/admin/students [36m304[0m 22.723 ms - -[0m
[0mGET /api/health [36m304[0m 17.769 ms - -[0m
[0mGET /api/admin/students [36m304[0m 11.843 ms - -[0m
[0mGET /api/health [36m304[0m 0.510 ms - -[0m
[0mGET /api/health [32m200[0m 18.999 ms - 115[0m
[0mGET /api/admin/students [36m304[0m 28.718 ms - -[0m
[0mGET /api/health [36m304[0m 0.268 ms - -[0m
[0mGET /api/health [36m304[0m 0.479 ms - -[0m
[0mGET /api/admin/students [36m304[0m 30.606 ms - -[0m
[0mGET /api/admin/students [36m304[0m 25.871 ms - -[0m
[0mGET /api/health [32m200[0m 19.706 ms - 115[0m
[0mGET /api/admin/students [36m304[0m 22.655 ms - -[0m
[0mGET /api/health [36m304[0m 16.267 ms - -[0m
[0mGET /api/admin/students [36m304[0m 23.453 ms - -[0m
[0mGET /api/health [36m304[0m 0.389 ms - -[0m
[0mGET /api/admin/students [36m304[0m 22.532 ms - -[0m
[0mGET /api/health [32m200[0m 22.912 ms - 115[0m
[0mGET /api/admin/students [36m304[0m 26.730 ms - -[0m
[0mGET /api/health [36m304[0m 0.754 ms - -[0m
[0mGET /api/admin/students [36m304[0m 29.150 ms - -[0m
[0mGET /api/health [36m304[0m 16.746 ms - -[0m
[0mGET /api/admin/students [36m304[0m 19.413 ms - -[0m
[0mGET /api/health [32m200[0m 19.011 ms - 115[0m
[0mGET /api/admin/students [36m304[0m 28.225 ms - -[0m
[0mGET /api/health [36m304[0m 0.464 ms - -[0m
[0mGET /api/health [36m304[0m 0.458 ms - -[0m
[0mGET /api/admin/students [36m304[0m 30.215 ms - -[0m
[0mGET /api/admin/students [36m304[0m 23.332 ms - -[0m
[0mGET /api/health [32m200[0m 19.629 ms - 115[0m
[0mGET /api/admin/students [36m304[0m 23.747 ms - -[0m
[0mGET /api/health [36m304[0m 0.291 ms - -[0m
[0mGET /api/health [36m304[0m 0.439 ms - -[0m
[0mGET /api/admin/students [36m304[0m 37.442 ms - -[0m
[0mGET /api/admin/students [36m304[0m 24.863 ms - -[0m
[0mGET /api/health [32m200[0m 20.188 ms - 115[0m
[0mGET /api/admin/students [36m304[0m 23.577 ms - -[0m
[0mGET /api/health [36m304[0m 0.605 ms - -[0m
[0mGET /api/admin/students [36m304[0m 29.052 ms - -[0m
[0mGET /api/health [36m304[0m 15.709 ms - -[0m
[0mGET /api/admin/students [36m304[0m 16.056 ms - -[0m
[0mGET /api/health [32m200[0m 22.146 ms - 115[0m
[0mGET /api/admin/students [36m304[0m 25.997 ms - -[0m
[0mGET /api/health [36m304[0m 0.487 ms - -[0m
[0mGET /api/health [36m304[0m 0.453 ms - -[0m
[0mGET /api/admin/students [36m304[0m 28.697 ms - -[0m
[0mGET /api/admin/students [36m304[0m 19.878 ms - -[0m
[0mGET /api/health [32m200[0m 18.789 ms - 115[0m
[0mGET /api/admin/students [36m304[0m 22.443 ms - -[0m
[0mGET /api/health [36m304[0m 0.424 ms - -[0m
[0mGET /api/health [36m304[0m 0.384 ms - -[0m
[0mGET /api/admin/students [36m304[0m 30.950 ms - -[0m
[0mGET /api/admin/students [36m304[0m 22.976 ms - -[0m
[0mGET /api/health [32m200[0m 15.700 ms - 115[0m
[0mGET /api/admin/students [36m304[0m 25.545 ms - -[0m
[0mGET /api/health [36m304[0m 0.243 ms - -[0m
[0mGET /api/health [36m304[0m 0.463 ms - -[0m
[0mGET /api/admin/students [36m304[0m 29.579 ms - -[0m
[0mGET /api/admin/students [36m304[0m 21.439 ms - -[0m
[0mGET /api/health [32m200[0m 21.249 ms - 115[0m
[0mGET /api/admin/students [36m304[0m 30.804 ms - -[0m
[0mGET /api/health [36m304[0m 0.427 ms - -[0m
[0mGET /api/health [36m304[0m 0.416 ms - -[0m
[0mGET /api/admin/students [36m304[0m 25.101 ms - -[0m
[0mGET /api/admin/students [36m304[0m 26.396 ms - -[0m
[0mGET /api/health [32m200[0m 19.185 ms - 115[0m
[0mGET /api/admin/students [36m304[0m 28.658 ms - -[0m
[0mGET /api/health [36m304[0m 0.445 ms - -[0m
[0mGET /api/health [36m304[0m 0.423 ms - -[0m
[0mGET /api/admin/students [36m304[0m 28.215 ms - -[0m
[0mGET /api/admin/students [36m304[0m 24.391 ms - -[0m
[0mGET /api/health [32m200[0m 21.786 ms - 115[0m
[0mGET /api/admin/students [36m304[0m 26.006 ms - -[0m
[0mGET /api/health [36m304[0m 0.996 ms - -[0m
[0mGET /api/health [36m304[0m 0.607 ms - -[0m
[0mGET /api/admin/students [36m304[0m 28.425 ms - -[0m
[0mGET /api/admin/students [36m304[0m 22.280 ms - -[0m
[0mGET /api/health [32m200[0m 21.679 ms - 115[0m
[0mGET /api/admin/students [36m304[0m 24.692 ms - -[0m
[0mGET /api/health [36m304[0m 19.897 ms - -[0m
[0mGET /api/admin/students [36m304[0m 22.166 ms - -[0m
[0mGET /api/health [36m304[0m 0.551 ms - -[0m
[0mGET /api/admin/students [36m304[0m 22.241 ms - -[0m
[0mGET /api/health [32m200[0m 20.320 ms - 115[0m
[0mGET /api/admin/students [36m304[0m 22.997 ms - -[0m
[0mGET /api/health [36m304[0m 0.418 ms - -[0m
[0mGET /api/health [36m304[0m 0.413 ms - -[0m
[0mGET /api/admin/students [36m304[0m 28.632 ms - -[0m
[0mGET /api/admin/students [36m304[0m 32.849 ms - -[0m
[0mGET /api/health [32m200[0m 22.213 ms - 115[0m
[0mGET /api/admin/students [36m304[0m 28.199 ms - -[0m
[0mGET /api/health [36m304[0m 0.491 ms - -[0m
[0mGET /api/health [36m304[0m 0.487 ms - -[0m
[0mGET /api/admin/students [36m304[0m 25.330 ms - -[0m
[0mGET /api/admin/students [36m304[0m 29.216 ms - -[0m
[0mGET /api/health [32m200[0m 19.101 ms - 115[0m
[0mGET /api/admin/students [36m304[0m 28.165 ms - -[0m
[0mGET /api/health [36m304[0m 0.381 ms - -[0m
[0mGET /api/health [36m304[0m 0.481 ms - -[0m
[0mGET /api/admin/students [36m304[0m 27.357 ms - -[0m
[0mGET /api/admin/students [36m304[0m 22.134 ms - -[0m
[0mGET /api/health [32m200[0m 19.142 ms - 115[0m
[0mGET /api/admin/students [36m304[0m 21.259 ms - -[0m
[0mGET /api/health [36m304[0m 0.365 ms - -[0m
[0mGET /api/health [36m304[0m 0.371 ms - -[0m
[0mGET /api/admin/students [36m304[0m 24.088 ms - -[0m
[0mGET /api/admin/students [36m304[0m 23.479 ms - -[0m
[0mGET /api/health [32m200[0m 18.164 ms - 115[0m
[0mGET /api/admin/students [36m304[0m 21.566 ms - -[0m
[0mGET /api/health [36m304[0m 0.452 ms - -[0m
[0mGET /api/admin/students [36m304[0m 26.430 ms - -[0m
[0mGET /api/health [36m304[0m 17.300 ms - -[0m
[0mGET /api/admin/students [36m304[0m 18.390 ms - -[0m
[0mGET /api/health [32m200[0m 17.268 ms - 115[0m
[0mGET /api/admin/students [36m304[0m 25.198 ms - -[0m
[0mGET /api/health [36m304[0m 0.492 ms - -[0m
[0mGET /api/health [36m304[0m 0.432 ms - -[0m
[0mGET /api/admin/students [36m304[0m 26.130 ms - -[0m
[0mGET /api/admin/students [36m304[0m 21.953 ms - -[0m
[0mGET /api/health [32m200[0m 30.660 ms - 115[0m
[0mGET /api/admin/students [36m304[0m 30.085 ms - -[0m
[0mGET /api/health [32m200[0m 21.103 ms - 115[0m
[0mGET /api/admin/students [36m304[0m 25.594 ms - -[0m
[0mGET /api/health [32m200[0m 19.357 ms - 115[0m
[0mGET /api/admin/students [36m304[0m 22.216 ms - -[0m
[0mGET /api/health [32m200[0m 16.074 ms - 115[0m
[0mGET /api/admin/students [36m304[0m 18.780 ms - -[0m
[0mGET /api/health [32m200[0m 16.741 ms - 115[0m
[0mGET /api/admin/students [36m304[0m 19.559 ms - -[0m
[0mGET /api/health [32m200[0m 18.623 ms - 115[0m
[0mGET /api/admin/students [36m304[0m 21.921 ms - -[0m
[0mGET /api/health [32m200[0m 20.560 ms - 115[0m
[0mGET /api/admin/students [36m304[0m 24.329 ms - -[0m
[0mGET /api/health [36m304[0m 0.411 ms - -[0m
[0mGET /api/admin/students [36m304[0m 25.813 ms - -[0m
[0mGET /api/health [32m200[0m 19.369 ms - 115[0m
[0mGET /api/admin/students [36m304[0m 22.857 ms - -[0m
[0mGET /api/health [36m304[0m 0.461 ms - -[0m
[0mGET /api/admin/students [36m304[0m 34.464 ms - -[0m
[0mGET /api/health [32m200[0m 19.067 ms - 115[0m
[0mGET /api/admin/students [36m304[0m 22.845 ms - -[0m
[0mGET /api/health [36m304[0m 0.425 ms - -[0m
[0mGET /api/admin/students [36m304[0m 23.544 ms - -[0m
[0mGET /api/health [32m200[0m 23.273 ms - 115[0m
[0mGET /api/admin/students [36m304[0m 28.524 ms - -[0m
[0mGET /api/health [32m200[0m 16.289 ms - 115[0m
[0mGET /api/admin/students [36m304[0m 18.561 ms - -[0m
[0mGET /api/health [36m304[0m 15.270 ms - -[0m
[0mGET /api/admin/students [36m304[0m 9.866 ms - -[0m
[0mGET /api/health [32m200[0m 20.637 ms - 115[0m
[0mGET /api/admin/students [36m304[0m 24.367 ms - -[0m
[0mGET /api/health [32m200[0m 17.074 ms - 115[0m
[0mGET /api/admin/students [36m304[0m 24.837 ms - -[0m
[0mGET /api/health [32m200[0m 18.643 ms - 115[0m
[0mGET /api/admin/students [36m304[0m 21.240 ms - -[0m
[0mGET /api/health [32m200[0m 18.937 ms - 115[0m
[0mGET /api/admin/students [36m304[0m 21.776 ms - -[0m
[0mGET /api/health [32m200[0m 22.894 ms - 115[0m
[0mGET /api/admin/students [36m304[0m 26.320 ms - -[0m
[0mGET /api/health [32m200[0m 23.213 ms - 115[0m
[0mGET /api/admin/students [36m304[0m 25.761 ms - -[0m
[0mGET /api/health [32m200[0m 20.188 ms - 115[0m
[0mGET /api/admin/students [36m304[0m 23.805 ms - -[0m
[0mGET /api/health [32m200[0m 16.881 ms - 115[0m
[0mGET /api/admin/students [36m304[0m 19.620 ms - -[0m
[0mGET /api/health [32m200[0m 17.825 ms - 115[0m
[0mGET /api/admin/students [36m304[0m 26.969 ms - -[0m
[0mGET /api/health [32m200[0m 19.179 ms - 115[0m
[0mGET /api/admin/students [36m304[0m 22.541 ms - -[0m
[0mGET /api/health [32m200[0m 20.185 ms - 115[0m
[0mGET /api/admin/students [36m304[0m 23.317 ms - -[0m
[0mGET /api/health [36m304[0m 0.397 ms - -[0m
[0mGET /api/admin/students [36m304[0m 26.752 ms - -[0m
[0mGET /api/health [32m200[0m 19.084 ms - 115[0m
[0mGET /api/admin/students [36m304[0m 30.007 ms - -[0m
[0mGET /api/health [32m200[0m 23.501 ms - 115[0m
[0mGET /api/admin/students [36m304[0m 21.919 ms - -[0m
[0mGET /api/health [32m200[0m 15.381 ms - 115[0m
[0mGET /api/admin/students [36m304[0m 17.393 ms - -[0m
[0mGET /api/health [32m200[0m 16.467 ms - 115[0m
[0mGET /api/admin/students [36m304[0m 18.867 ms - -[0m
